2025-02-03 22:57:10,440 [INFO] Бот Mercher AI#2669 работает на сервере: Ламповый сервер (ID: 551094222825193503)
2025-02-03 22:57:49,173 [INFO] Бот Mercher AI#2669 работает на сервере: Ламповый сервер (ID: 551094222825193503)
2025-02-03 22:58:05,036 [INFO] Команда 'ping' вызвана пользователем {ctx.author}
2025-02-03 22:58:44,210 [INFO] Команда 'dinamo' вызвана пользователем {ctx.author}
2025-02-03 22:59:01,956 [INFO] Команда 'restart' вызвана пользователем {ctx.author}
2025-02-03 22:59:07,714 [INFO] Бот Mercher AI#2669 работает на сервере: Ламповый сервер (ID: 551094222825193503)
2025-02-03 22:59:13,776 [INFO] Команда 'shutdown' вызвана пользователем {ctx.author}
2025-02-03 23:01:49,117 [INFO] Бот Mercher AI#2669 работает на сервере: Ламповый сервер (ID: 551094222825193503)
2025-02-03 23:02:06,242 [INFO] Команда 'ping' вызвана пользователем supremeintelligence
2025-02-03 23:02:21,457 [INFO] Команда 'dinamo' вызвана пользователем supremeintelligence
2025-02-03 23:04:01,777 [INFO] Команда 'ping' вызвана пользователем supremeintelligence
2025-02-03 23:05:58,169 [INFO] Команда 'restart' вызвана пользователем supremeintelligence
2025-02-03 23:06:04,338 [INFO] Бот Mercher AI#2669 работает на сервере: Ламповый сервер (ID: 551094222825193503)
2025-02-03 23:06:18,426 [WARNING] Недостаточно прав для выполнения команды 'restart' пользователем sasha9r
2025-02-03 23:08:04,290 [INFO] Команда 'ping' вызвана пользователем sasha9r
2025-02-03 23:11:09,844 [INFO] Команда 'dinamo' вызвана пользователем sasha9r
2025-02-03 23:11:13,458 [INFO] Команда 'ping' вызвана пользователем sasha9r
2025-02-04 13:17:23,429 [INFO] Бот Mercher AI#2669 работает на сервере: Ламповый сервер (ID: 551094222825193503)
2025-02-04 13:20:14,615 [INFO] Команда 'ping' вызвана пользователем supremeintelligence
2025-02-04 13:20:24,139 [INFO] Команда 'ping' вызвана пользователем supremeintelligence
2025-02-04 13:28:22,122 [INFO] Команда 'dinamo' вызвана пользователем sasha9r
2025-02-04 13:29:25,195 [INFO] Команда 'dinamo' вызвана пользователем sasha9r
2025-02-04 13:29:39,084 [INFO] Команда 'ping' вызвана пользователем sasha9r
2025-02-04 13:31:53,879 [INFO] Команда 'ping' вызвана пользователем sasha9r
2025-02-04 13:34:02,274 [INFO] Команда 'restart' вызвана пользователем supremeintelligence
2025-02-04 13:34:10,023 [INFO] Бот Mercher AI#2669 работает на сервере: Ламповый сервер (ID: 551094222825193503)
2025-02-04 13:34:13,831 [INFO] Команда 'ping' вызвана пользователем supremeintelligence
2025-02-04 13:38:57,968 [WARNING] Недостаточно прав для выполнения команды 'restart' пользователем sasha9r
2025-02-04 13:39:23,151 [INFO] Команда 'ping' вызвана пользователем sasha9r
2025-02-04 14:50:30,527 [INFO] Команда 'restart' вызвана пользователем supremeintelligence
2025-02-04 15:02:30,756 [INFO] Бот Mercher AI#2669 работает на сервере: Ламповый сервер (ID: 551094222825193503)
2025-02-04 15:03:50,765 [INFO] Бот Mercher AI#2669 работает на сервере: Ламповый сервер (ID: 551094222825193503)
2025-02-04 15:04:06,865 [INFO] Бот Mercher AI#2669 работает на сервере: Ламповый сервер (ID: 551094222825193503)
2025-02-04 15:04:23,987 [INFO] Бот Mercher AI#2669 работает на сервере: Ламповый сервер (ID: 551094222825193503)
2025-02-04 15:04:42,917 [INFO] Команда 'dinamo' вызвана пользователем supremeintelligence (Supreme Intelligence)
2025-02-04 15:30:27,949 [INFO] Бот Mercher AI#2669 работает на сервере: Ламповый сервер (ID: 551094222825193503)
2025-02-04 15:44:15,558 [INFO] Бот Mercher AI#2669 работает на сервере: Ламповый сервер (ID: 551094222825193503)
2025-02-04 15:47:24,419 [INFO] Бот Mercher AI#2669 работает на сервере: Ламповый сервер (ID: 551094222825193503)
2025-02-04 15:48:48,270 [INFO] Бот Mercher AI#2669 работает на сервере: Ламповый сервер (ID: 551094222825193503)
2025-02-04 15:50:01,693 [INFO] Бот Mercher AI#2669 работает на сервере: Ламповый сервер (ID: 551094222825193503)
2025-02-04 15:50:05,191 [INFO] Команда 'restart' вызвана пользователем supremeintelligence (Supreme Intelligence)
2025-02-04 15:51:04,022 [INFO] Бот Mercher AI#2669 работает на сервере: Ламповый сервер (ID: 551094222825193503)
2025-02-04 15:51:42,969 [INFO] Команда 'shutdown' вызвана пользователем supremeintelligence (Supreme Intelligence)
2025-02-04 16:08:44,282 [INFO] Бот Mercher AI#2669 работает на сервере: Ламповый сервер (ID: 551094222825193503)
2025-02-04 16:09:01,023 [INFO] Команда 'ping' вызвана пользователем supremeintelligence (Supreme Intelligence)
2025-02-04 16:10:27,851 [INFO] Бот Mercher AI#2669 работает на сервере: Ламповый сервер (ID: 551094222825193503)
2025-02-04 16:10:46,014 [INFO] Команда 'ping' вызвана пользователем supremeintelligence (Supreme Intelligence)
2025-02-04 16:11:41,541 [INFO] Бот Mercher AI#2669 работает на сервере: Ламповый сервер (ID: 551094222825193503)
2025-02-04 16:11:53,742 [INFO] Команда 'ping' вызвана пользователем supremeintelligence (Supreme Intelligence)
2025-02-04 16:12:12,928 [INFO] Команда 'ping' вызвана пользователем supremeintelligence (Supreme Intelligence)
2025-02-04 16:19:02,826 [INFO] Бот Mercher AI#2669 работает на сервере: Ламповый сервер (ID: 551094222825193503)
2025-02-04 16:19:22,003 [INFO] Бот Mercher AI#2669 работает на сервере: Ламповый сервер (ID: 551094222825193503)
2025-02-04 16:19:33,105 [INFO] Команда 'ping' вызвана пользователем supremeintelligence (Supreme Intelligence)
2025-02-04 16:20:34,152 [INFO] Бот Mercher AI#2669 работает на сервере: Ламповый сервер (ID: 551094222825193503)
2025-02-04 16:24:14,484 [INFO] Бот Mercher AI#2669 работает на сервере: Ламповый сервер (ID: 551094222825193503)
2025-02-04 16:24:20,122 [INFO] Команда 'ping' вызвана пользователем supremeintelligence (Supreme Intelligence)
2025-02-04 16:26:58,518 [INFO] Бот Mercher AI#2669 работает на сервере: Ламповый сервер (ID: 551094222825193503)
2025-02-04 16:28:33,786 [INFO] Бот Mercher AI#2669 работает на сервере: Ламповый сервер (ID: 551094222825193503)
2025-02-04 16:34:28,617 [INFO] Бот Mercher AI#2669 работает на сервере: Ламповый сервер (ID: 551094222825193503)
2025-02-04 16:34:37,755 [INFO] Команда 'ping' вызвана пользователем supremeintelligence (Supreme Intelligence)
2025-02-04 17:00:38,778 [INFO] Бот Mercher AI#2669 работает на сервере: Ламповый сервер (ID: 551094222825193503)
2025-02-04 17:02:56,351 [INFO] Бот Mercher AI#2669 работает на сервере: Ламповый сервер (ID: 551094222825193503)
2025-02-04 17:16:17,968 [INFO] Бот Mercher AI#2669 работает на сервере: Ламповый сервер (ID: 551094222825193503)
2025-02-04 17:16:33,999 [INFO] Команда 'ping' вызвана пользователем supremeintelligence
2025-02-04 17:17:32,620 [INFO] Команда 'dinamo' вызвана пользователем Supreme Intelligence
2025-02-04 17:17:40,907 [INFO] Команда 'dinamo' вызвана пользователем Supreme Intelligence
2025-02-04 17:18:48,260 [INFO] Команда 'restart' вызвана пользователем supremeintelligence
2025-02-04 19:13:56,409 [INFO] Бот Mercher AI#2669 работает на сервере: Ламповый сервер (ID: 551094222825193503)
2025-02-04 19:14:13,938 [INFO] Команда 'dinamo' вызвана пользователем Supreme Intelligence
2025-02-04 19:16:29,915 [INFO] Команда 'restart' вызвана пользователем supremeintelligence
2025-02-04 19:21:46,727 [INFO] Бот Mercher AI#2669 работает на сервере: Ламповый сервер (ID: 551094222825193503)
2025-02-04 19:22:57,680 [INFO] Команда 'restart' вызвана пользователем supremeintelligence
2025-02-04 19:23:13,206 [INFO] Бот Mercher AI#2669 работает на сервере: Ламповый сервер (ID: 551094222825193503)
2025-02-04 19:24:31,083 [INFO] Команда 'restart' вызвана пользователем supremeintelligence
2025-02-04 19:24:41,195 [INFO] Бот Mercher AI#2669 работает на сервере: Ламповый сервер (ID: 551094222825193503)
2025-02-04 19:25:24,250 [INFO] Команда 'restart' вызвана пользователем supremeintelligence
2025-02-04 19:25:42,470 [INFO] Бот Mercher AI#2669 работает на сервере: Ламповый сервер (ID: 551094222825193503)
2025-02-04 19:25:47,832 [INFO] Команда 'restart' вызвана пользователем supremeintelligence
2025-02-04 19:26:42,788 [INFO] Бот Mercher AI#2669 работает на сервере: Ламповый сервер (ID: 551094222825193503)
2025-02-04 19:26:54,711 [INFO] Команда 'restart' вызвана пользователем supremeintelligence
2025-02-04 19:27:00,435 [INFO] Бот Mercher AI#2669 работает на сервере: Ламповый сервер (ID: 551094222825193503)
2025-02-04 19:27:06,708 [INFO] Команда 'restart' вызвана пользователем supremeintelligence
2025-02-04 19:28:00,543 [INFO] Бот Mercher AI#2669 работает на сервере: Ламповый сервер (ID: 551094222825193503)
2025-02-04 19:29:52,953 [WARNING] Недостаточно прав для выполнения команды 'restart' пользователем st.vitold
2025-02-04 19:30:20,542 [INFO] Команда 'restart' вызвана пользователем supremeintelligence
2025-02-04 19:30:25,896 [INFO] Бот Mercher AI#2669 работает на сервере: Ламповый сервер (ID: 551094222825193503)
2025-02-04 19:47:10,763 [INFO] Команда 'restart' вызвана пользователем supremeintelligence
2025-02-04 19:47:16,240 [INFO] Бот Mercher AI#2669 работает на сервере: Ламповый сервер (ID: 551094222825193503)
2025-02-04 19:49:16,440 [INFO] Команда 'shutdown' вызвана пользователем supremeintelligence
2025-02-04 19:50:07,579 [INFO] Бот Mercher AI#2669 работает на сервере: Ламповый сервер (ID: 551094222825193503)
2025-02-04 19:50:40,244 [INFO] Команда 'restart' вызвана пользователем supremeintelligence
2025-02-04 19:50:45,814 [INFO] Бот Mercher AI#2669 работает на сервере: Ламповый сервер (ID: 551094222825193503)
2025-02-04 19:50:57,990 [INFO] Команда 'ping' вызвана пользователем Supreme Intelligence
2025-02-04 19:54:08,955 [INFO] Команда 'restart' вызвана пользователем supremeintelligence
2025-02-04 19:54:15,172 [INFO] Бот Mercher AI#2669 работает на сервере: Ламповый сервер (ID: 551094222825193503)
2025-02-04 19:54:17,449 [INFO] Команда 'ping' вызвана пользователем Supreme Intelligence
2025-02-04 19:54:28,915 [INFO] Команда 'ping' вызвана пользователем Supreme Intelligence
2025-02-04 19:56:57,105 [INFO] Команда 'restart' вызвана пользователем supremeintelligence
2025-02-04 19:57:02,601 [INFO] Бот Mercher AI#2669 работает на сервере: Ламповый сервер (ID: 551094222825193503)
2025-02-04 19:57:08,243 [INFO] Команда 'ping' вызвана пользователем Supreme Intelligence
2025-02-04 19:57:21,907 [INFO] Команда 'ping' вызвана пользователем Supreme Intelligence
2025-02-04 19:57:32,134 [INFO] Команда 'ping' вызвана пользователем Supreme Intelligence
2025-02-04 19:57:44,710 [INFO] Команда 'ping' вызвана пользователем Supreme Intelligence
2025-02-04 19:58:41,991 [INFO] Команда 'restart' вызвана пользователем supremeintelligence
2025-02-04 19:58:48,265 [INFO] Бот Mercher AI#2669 работает на сервере: Ламповый сервер (ID: 551094222825193503)
2025-02-04 19:58:52,191 [INFO] Команда 'ping' вызвана пользователем Supreme Intelligence
2025-02-04 19:59:24,603 [INFO] Команда 'restart' вызвана пользователем supremeintelligence
2025-02-04 19:59:29,881 [INFO] Бот Mercher AI#2669 работает на сервере: Ламповый сервер (ID: 551094222825193503)
2025-02-04 19:59:33,795 [INFO] Команда 'ping' вызвана пользователем Supreme Intelligence
2025-02-04 20:00:29,014 [INFO] Команда 'dinamo' вызвана пользователем Supreme Intelligence
2025-02-04 20:20:44,918 [INFO] Команда 'restart' вызвана пользователем supremeintelligence
2025-02-04 20:20:50,796 [INFO] Бот Mercher AI#2669 работает на сервере: Ламповый сервер (ID: 551094222825193503)
2025-02-04 20:21:49,600 [INFO] Команда 'restart' вызвана пользователем supremeintelligence
2025-02-04 20:22:29,484 [INFO] Команда 'restart' вызвана пользователем supremeintelligence
2025-02-04 20:24:08,100 [INFO] Команда 'restart' вызвана пользователем supremeintelligence
2025-02-04 20:24:49,378 [INFO] Команда 'restart' вызвана пользователем supremeintelligence
2025-02-04 20:24:54,895 [INFO] Бот Mercher AI#2669 работает на сервере: Ламповый сервер (ID: 551094222825193503)
2025-02-04 20:27:40,302 [INFO] Команда 'dinamo' вызвана пользователем RUS
2025-02-04 20:28:49,411 [INFO] Команда 'restart' вызвана пользователем supremeintelligence
2025-02-04 20:28:54,896 [INFO] Бот Mercher AI#2669 работает на сервере: Ламповый сервер (ID: 551094222825193503)
2025-02-04 20:31:12,586 [INFO] Команда 'restart' вызвана пользователем supremeintelligence
2025-02-04 20:31:18,205 [INFO] Бот Mercher AI#2669 работает на сервере: Ламповый сервер (ID: 551094222825193503)
2025-02-04 20:33:30,146 [INFO] Команда 'restart' вызвана пользователем supremeintelligence
2025-02-04 20:33:36,228 [INFO] Бот Mercher AI#2669 работает на сервере: Ламповый сервер (ID: 551094222825193503)
2025-02-04 20:36:38,305 [INFO] Команда 'restart' вызвана пользователем supremeintelligence
2025-02-04 20:36:44,326 [INFO] Бот Mercher AI#2669 работает на сервере: Ламповый сервер (ID: 551094222825193503)
2025-02-04 20:37:15,493 [INFO] Команда 'restart' вызвана пользователем supremeintelligence
2025-02-04 20:37:21,343 [INFO] Бот Mercher AI#2669 работает на сервере: Ламповый сервер (ID: 551094222825193503)
2025-02-04 20:37:48,704 [INFO] Команда 'restart' вызвана пользователем supremeintelligence
2025-02-04 20:37:54,198 [INFO] Бот Mercher AI#2669 работает на сервере: Ламповый сервер (ID: 551094222825193503)
2025-02-04 20:39:43,513 [INFO] Команда 'restart' вызвана пользователем supremeintelligence
2025-02-04 20:39:49,050 [INFO] Бот Mercher AI#2669 работает на сервере: Ламповый сервер (ID: 551094222825193503)
2025-02-04 20:42:00,620 [INFO] Команда 'shutdown' вызвана пользователем supremeintelligence
2025-02-04 20:42:18,390 [INFO] Бот Mercher AI#2669 работает на сервере: Ламповый сервер (ID: 551094222825193503)
2025-02-04 20:42:52,617 [INFO] Бот Mercher AI#2669 работает на сервере: Ламповый сервер (ID: 551094222825193503)
2025-02-04 20:45:04,192 [INFO] Бот Mercher AI#2669 работает на сервере: Ламповый сервер (ID: 551094222825193503)
2025-02-04 20:47:57,297 [INFO] Бот Mercher AI#2669 работает на сервере: Ламповый сервер (ID: 551094222825193503)
2025-02-04 20:53:54,446 [INFO] Бот Mercher AI#2669 работает на сервере: Ламповый сервер (ID: 551094222825193503)
2025-02-04 21:02:56,793 [INFO] Бот Mercher AI#2669 работает на сервере: Ламповый сервер (ID: 551094222825193503)
2025-02-04 21:03:33,553 [INFO] Бот Mercher AI#2669 работает на сервере: Ламповый сервер (ID: 551094222825193503)
2025-02-04 21:06:17,552 [INFO] Команда 'restart' вызвана пользователем supremeintelligence
2025-02-04 21:06:23,365 [INFO] Бот Mercher AI#2669 работает на сервере: Ламповый сервер (ID: 551094222825193503)
2025-02-04 21:06:41,578 [INFO] Команда 'restart' вызвана пользователем supremeintelligence
2025-02-04 21:07:13,591 [INFO] Команда 'restart' вызвана пользователем supremeintelligence
2025-02-04 21:07:32,698 [INFO] Команда 'restart' вызвана пользователем supremeintelligence
2025-02-04 21:07:43,075 [INFO] Команда 'shutdown' вызвана пользователем supremeintelligence
2025-02-04 21:08:37,671 [INFO] Команда 'restart' вызвана пользователем supremeintelligence
2025-02-04 21:09:18,789 [INFO] Команда 'restart' вызвана пользователем supremeintelligence
2025-02-04 21:09:24,331 [INFO] Бот Mercher AI#2669 работает на сервере: Ламповый сервер (ID: 551094222825193503)
2025-02-04 21:10:42,483 [INFO] Команда 'restart' вызвана пользователем supremeintelligence
2025-02-04 21:10:49,036 [INFO] Бот Mercher AI#2669 работает на сервере: Ламповый сервер (ID: 551094222825193503)
2025-02-04 21:12:09,740 [INFO] Команда 'restart' вызвана пользователем supremeintelligence
2025-02-04 21:12:39,983 [INFO] Команда 'restart' вызвана пользователем supremeintelligence
2025-02-04 21:13:09,239 [INFO] Бот Mercher AI#2669 работает на сервере: Ламповый сервер (ID: 551094222825193503)
2025-02-04 21:15:10,521 [INFO] Команда 'restart' вызвана пользователем supremeintelligence
2025-02-04 21:15:16,160 [INFO] Бот Mercher AI#2669 работает на сервере: Ламповый сервер (ID: 551094222825193503)
2025-02-04 21:16:45,259 [INFO] Команда 'restart' вызвана пользователем supremeintelligence
2025-02-04 21:16:51,227 [INFO] Бот Mercher AI#2669 работает на сервере: Ламповый сервер (ID: 551094222825193503)
2025-02-04 21:19:26,702 [INFO] Команда 'restart' вызвана пользователем supremeintelligence
2025-02-04 21:19:32,331 [INFO] Бот Mercher AI#2669 работает на сервере: Ламповый сервер (ID: 551094222825193503)
2025-02-04 21:20:20,336 [INFO] Команда 'restart' вызвана пользователем supremeintelligence
2025-02-04 21:20:25,787 [INFO] Бот Mercher AI#2669 работает на сервере: Ламповый сервер (ID: 551094222825193503)
2025-02-04 21:20:51,986 [INFO] Команда 'restart' вызвана пользователем supremeintelligence
2025-02-04 21:20:57,480 [INFO] Бот Mercher AI#2669 работает на сервере: Ламповый сервер (ID: 551094222825193503)
2025-02-04 21:21:15,645 [INFO] Команда 'restart' вызвана пользователем supremeintelligence
2025-02-04 21:21:57,713 [INFO] Бот Mercher AI#2669 работает на сервере: Ламповый сервер (ID: 551094222825193503)
2025-02-04 21:29:02,418 [INFO] Команда 'restart' вызвана пользователем supremeintelligence
2025-02-04 21:29:46,766 [INFO] Команда 'restart' вызвана пользователем supremeintelligence
2025-02-04 21:32:31,371 [INFO] Команда 'restart' вызвана пользователем supremeintelligence
2025-02-04 21:33:08,644 [INFO] Команда 'restart' вызвана пользователем supremeintelligence
2025-02-04 21:33:41,098 [INFO] Команда 'restart' вызвана пользователем supremeintelligence
2025-02-04 21:33:46,897 [INFO] Бот Mercher AI#2669 работает на сервере: Ламповый сервер (ID: 551094222825193503)
2025-02-04 21:34:24,885 [INFO] Команда 'restart' вызвана пользователем supremeintelligence
2025-02-04 21:34:30,405 [INFO] Бот Mercher AI#2669 работает на сервере: Ламповый сервер (ID: 551094222825193503)
2025-02-04 21:46:07,043 [INFO] Команда 'restart' вызвана пользователем supremeintelligence
2025-02-04 21:46:13,174 [INFO] Бот Mercher AI#2669 работает на сервере: Ламповый сервер (ID: 551094222825193503)
2025-02-04 21:55:27,150 [INFO] Команда 'restart' вызвана пользователем supremeintelligence
2025-02-04 21:55:32,883 [INFO] Бот Mercher AI#2669 работает на сервере: Ламповый сервер (ID: 551094222825193503)
2025-02-04 21:55:43,243 [INFO] Команда 'ping' вызвана пользователем Supreme Intelligence
2025-02-04 21:55:58,966 [INFO] Команда 'dinamo' вызвана пользователем Supreme Intelligence
2025-02-04 21:56:17,648 [INFO] Команда 'restart' вызвана пользователем supremeintelligence
2025-02-04 21:56:22,498 [INFO] Бот Mercher AI#2669 работает на сервере: Ламповый сервер (ID: 551094222825193503)
2025-02-04 21:58:29,474 [INFO] Команда 'ping' вызвана пользователем Supreme Intelligence
2025-02-04 22:05:33,275 [INFO] Команда 'restart' вызвана пользователем supremeintelligence
2025-02-04 22:05:39,093 [INFO] Бот Mercher AI#2669 работает на сервере: Ламповый сервер (ID: 551094222825193503)
2025-02-04 22:05:51,027 [INFO] Команда 'ping' вызвана пользователем Supreme Intelligence
2025-02-04 22:06:48,855 [INFO] Команда 'dinamo' вызвана пользователем Supreme Intelligence
2025-02-04 22:09:01,051 [INFO] Команда 'restart' вызвана пользователем supremeintelligence
2025-02-04 22:09:06,534 [INFO] Бот Mercher AI#2669 работает на сервере: Ламповый сервер (ID: 551094222825193503)
2025-02-04 22:09:19,461 [INFO] Команда 'ping' вызвана пользователем Supreme Intelligence
2025-02-04 22:11:53,486 [INFO] Команда 'restart' вызвана пользователем supremeintelligence
2025-02-04 22:11:59,625 [INFO] Бот Mercher AI#2669 работает на сервере: Ламповый сервер (ID: 551094222825193503)
2025-02-04 22:12:13,062 [INFO] Команда 'dinamo' вызвана пользователем Supreme Intelligence
2025-02-04 22:13:44,300 [INFO] Команда 'restart' вызвана пользователем supremeintelligence
2025-02-04 22:13:50,066 [INFO] Бот Mercher AI#2669 работает на сервере: Ламповый сервер (ID: 551094222825193503)
2025-02-04 22:13:58,671 [INFO] Команда 'ping' вызвана пользователем Supreme Intelligence
2025-02-04 22:14:03,861 [INFO] Команда 'dinamo' вызвана пользователем Supreme Intelligence
2025-02-04 22:14:48,190 [INFO] Команда 'dinamo' вызвана пользователем Supreme Intelligence
2025-02-04 23:42:26,982 [INFO] Команда 'restart' вызвана пользователем supremeintelligence
2025-02-04 23:42:33,137 [INFO] Бот Mercher AI#2669 работает на сервере: Ламповый сервер (ID: 551094222825193503)
2025-02-04 23:43:11,392 [INFO] Команда 'dinamo' вызвана пользователем Supreme Intelligence
2025-02-04 23:47:07,123 [INFO] Команда 'restart' вызвана пользователем supremeintelligence
2025-02-04 23:47:13,019 [INFO] Бот Mercher AI#2669 работает на сервере: Ламповый сервер (ID: 551094222825193503)
2025-02-04 23:47:44,848 [INFO] Команда 'dinamo' вызвана пользователем Supreme Intelligence
2025-02-04 23:47:52,897 [INFO] Команда 'ping' вызвана пользователем Supreme Intelligence
2025-02-04 23:48:05,174 [INFO] Команда 'test' вызвана пользователем Supreme Intelligence
2025-02-04 23:49:45,043 [INFO] Команда 'restart' вызвана пользователем Supreme Intelligence
2025-02-04 23:49:45,043 [INFO] Команда 'restart вызвана пользователем supremeintelligence'
2025-02-04 23:49:50,636 [INFO] Бот Mercher AI#2669 работает на сервере: Ламповый сервер (ID: 551094222825193503)
2025-02-04 23:49:59,621 [INFO] Команда 'ping' вызвана пользователем Supreme Intelligence, канал: основной
2025-02-05 00:10:36,813 [INFO] Команда 'shutdown' вызвана пользователем Supreme Intelligence, канал: основной
2025-02-05 00:10:36,814 [INFO] Команда 'shutdown вызвана пользователем supremeintelligence, канал: основной'
2025-02-05 02:22:45,456 [INFO] Бот Mercher AI#2669 работает на сервере: Ламповый сервер (ID: 551094222825193503)
2025-02-05 02:23:31,732 [INFO] Команда 'call-mercher' вызвана пользователем Supreme Intelligence, канал: основной
2025-02-05 02:24:54,179 [INFO] Команда 'restart' вызвана пользователем Supreme Intelligence, канал: основной
2025-02-05 02:24:54,179 [INFO] Команда 'restart вызвана пользователем supremeintelligence, канал: основной'
2025-02-05 02:24:59,961 [INFO] Бот Mercher AI#2669 работает на сервере: Ламповый сервер (ID: 551094222825193503)
2025-02-05 02:25:04,879 [INFO] Команда 'call-mercher' вызвана пользователем Supreme Intelligence, канал: основной
2025-02-05 02:25:35,961 [INFO] Команда 'restart' вызвана пользователем Supreme Intelligence, канал: основной
2025-02-05 02:25:35,962 [INFO] Команда 'restart вызвана пользователем supremeintelligence, канал: основной'
2025-02-05 02:25:41,528 [INFO] Бот Mercher AI#2669 работает на сервере: Ламповый сервер (ID: 551094222825193503)
2025-02-05 02:25:58,570 [INFO] Команда 'call-mercher' вызвана пользователем Supreme Intelligence, канал: основной
2025-02-05 02:26:14,921 [INFO] Команда 'call-mercher' вызвана пользователем Supreme Intelligence, канал: ✨ламповая-флудилка✨
2025-02-05 02:28:27,554 [INFO] Команда 'restart' вызвана пользователем Supreme Intelligence, канал: основной
2025-02-05 02:28:27,554 [INFO] Команда 'restart вызвана пользователем supremeintelligence, канал: основной'
2025-02-05 02:28:33,159 [INFO] Бот Mercher AI#2669 работает на сервере: Ламповый сервер (ID: 551094222825193503)
2025-02-05 02:29:18,496 [INFO] Команда 'restart' вызвана пользователем Supreme Intelligence, канал: основной
2025-02-05 02:29:18,496 [INFO] Команда 'restart вызвана пользователем supremeintelligence, канал: основной'
2025-02-05 02:29:24,004 [INFO] Бот Mercher AI#2669 работает на сервере: Ламповый сервер (ID: 551094222825193503)
2025-02-05 02:30:07,249 [INFO] Команда 'restart' вызвана пользователем Supreme Intelligence, канал: основной
2025-02-05 02:30:07,250 [INFO] Команда 'restart вызвана пользователем supremeintelligence, канал: основной'
2025-02-05 02:30:12,826 [INFO] Бот Mercher AI#2669 работает на сервере: Ламповый сервер (ID: 551094222825193503)
2025-02-05 02:30:51,128 [INFO] Бот Mercher AI#2669 работает на сервере: Ламповый сервер (ID: 551094222825193503)
2025-02-05 02:31:49,383 [INFO] Бот Mercher AI#2669 работает на сервере: Ламповый сервер (ID: 551094222825193503)
2025-02-05 02:33:02,695 [INFO] Бот Mercher AI#2669 работает на сервере: Ламповый сервер (ID: 551094222825193503)
2025-02-05 02:33:31,112 [INFO] Команда 'restart' вызвана пользователем Supreme Intelligence, канал: ✨ламповая-флудилка✨
2025-02-05 02:33:31,112 [INFO] Команда 'restart вызвана пользователем supremeintelligence, канал: ✨ламповая-флудилка✨'
2025-02-05 02:33:47,376 [INFO] Бот Mercher AI#2669 работает на сервере: Ламповый сервер (ID: 551094222825193503)
2025-02-05 02:34:47,470 [INFO] Бот Mercher AI#2669 работает на сервере: Ламповый сервер (ID: 551094222825193503)
2025-02-05 02:35:38,072 [INFO] Команда 'restart' вызвана пользователем Supreme Intelligence, канал: основной
2025-02-05 02:35:38,073 [INFO] Команда 'restart вызвана пользователем supremeintelligence, канал: основной'
2025-02-05 02:35:43,733 [INFO] Бот Mercher AI#2669 работает на сервере: Ламповый сервер (ID: 551094222825193503)
2025-02-05 02:35:56,071 [INFO] Команда 'ping' вызвана пользователем Supreme Intelligence, канал: основной
2025-02-05 02:36:02,049 [INFO] Команда 'test' вызвана пользователем Supreme Intelligence, канал: основной
2025-02-05 02:36:05,201 [INFO] Команда 'restart' вызвана пользователем Supreme Intelligence, канал: основной
2025-02-05 02:36:05,202 [INFO] Команда 'restart вызвана пользователем supremeintelligence, канал: основной'
2025-02-05 02:36:44,034 [INFO] Бот Mercher AI#2669 работает на сервере: Ламповый сервер (ID: 551094222825193503)
2025-02-05 02:37:10,651 [INFO] Команда 'shutdown' вызвана пользователем Supreme Intelligence, канал: основной
2025-02-05 02:37:10,652 [INFO] Команда 'shutdown вызвана пользователем supremeintelligence, канал: основной'
2025-02-05 13:30:33,282 [INFO] Бот Mercher AI#2669 работает на сервере: Ламповый сервер (ID: 551094222825193503)
2025-02-05 13:30:40,200 [INFO] Команда 'call-mercher' вызвана пользователем Supreme Intelligence, канал: ✨ламповая-флудилка✨
2025-02-05 13:31:12,383 [INFO] Команда 'call-mercher' вызвана пользователем Saruxx, канал: ✨ламповая-флудилка✨
2025-02-05 13:44:52,244 [INFO] Команда 'maintenance' вызвана пользователем RUS, канал: ✨ламповая-флудилка✨
2025-02-05 13:45:05,757 [INFO] Команда 'maintenance' вызвана пользователем RUS, канал: ✨ламповая-флудилка✨
2025-02-05 13:45:23,020 [INFO] Команда 'call-mercher' вызвана пользователем RUS, канал: ✨ламповая-флудилка✨
2025-02-05 13:54:56,942 [INFO] Команда 'maintenance' вызвана пользователем Supreme Intelligence, канал: основной
2025-02-05 14:01:13,949 [INFO] Команда 'ping' вызвана пользователем Supreme Intelligence, канал: ✨ламповая-флудилка✨
2025-02-05 14:04:10,948 [INFO] Команда 'test' вызвана пользователем Saruxx, канал: ✨ламповая-флудилка✨
2025-02-05 15:20:26,275 [INFO] Команда 'restart' вызвана пользователем Supreme Intelligence, канал: основной
2025-02-05 15:20:26,276 [INFO] Команда 'restart' вызвана пользователем supremeintelligence, канал: основной
2025-02-05 15:20:31,981 [INFO] Бот Mercher AI#2669 работает на сервере: Ламповый сервер (ID: 551094222825193503)
2025-02-05 15:22:06,650 [INFO] Команда 'restart' вызвана пользователем Supreme Intelligence, канал: основной
2025-02-05 15:22:06,650 [INFO] Команда 'restart' вызвана пользователем supremeintelligence, канал: основной
2025-02-05 15:22:12,186 [INFO] Бот Mercher AI#2669 работает на сервере: Ламповый сервер (ID: 551094222825193503)
2025-02-05 15:22:33,401 [INFO] Команда 'restart' вызвана пользователем Supreme Intelligence, канал: основной
2025-02-05 15:22:33,401 [INFO] Команда 'restart' вызвана пользователем supremeintelligence, канал: основной
2025-02-05 15:23:12,366 [INFO] Бот Mercher AI#2669 работает на сервере: Ламповый сервер (ID: 551094222825193503)
2025-02-05 15:23:59,973 [INFO] Бот Mercher AI#2669 работает на сервере: Ламповый сервер (ID: 551094222825193503)
2025-02-05 15:24:43,429 [INFO] Команда 'dinamo' вызвана пользователем Supreme Intelligence, канал: основной
2025-02-05 17:12:55,844 [INFO] Команда 'maintenance' вызвана пользователем RUS, канал: ✨ламповая-флудилка✨
2025-02-05 17:13:08,282 [INFO] Команда 'dinamo' вызвана пользователем RUS, канал: ✨ламповая-флудилка✨
2025-02-05 17:13:16,418 [INFO] Команда 'ping' вызвана пользователем RUS, канал: ✨ламповая-флудилка✨
2025-02-05 17:13:35,167 [INFO] Команда 'ping' вызвана пользователем RUS, канал: ✨ламповая-флудилка✨
2025-02-05 17:34:28,382 [INFO] Команда 'restart' вызвана пользователем Supreme Intelligence, канал: основной
2025-02-05 17:34:28,383 [INFO] Команда 'restart' вызвана пользователем supremeintelligence, канал: основной
2025-02-05 17:34:34,071 [INFO] Бот Mercher AI#2669 работает на сервере: Ламповый сервер (ID: 551094222825193503)
2025-02-05 17:34:38,839 [INFO] Команда 'test' вызвана пользователем Supreme Intelligence, канал: основной
2025-02-05 17:40:06,468 [INFO] Команда 'restart' вызвана пользователем Supreme Intelligence, канал: основной
2025-02-05 17:40:06,469 [INFO] Команда 'restart' вызвана пользователем supremeintelligence, канал: основной
2025-02-05 17:40:12,075 [INFO] Бот Mercher AI#2669 работает на сервере: Ламповый сервер (ID: 551094222825193503)
2025-02-05 17:40:15,595 [INFO] Команда 'test' вызвана пользователем Supreme Intelligence, канал: основной
2025-02-05 17:41:44,261 [INFO] Команда 'restart' вызвана пользователем Supreme Intelligence, канал: основной
2025-02-05 17:41:44,262 [INFO] Команда 'restart' вызвана пользователем supremeintelligence, канал: основной
2025-02-05 17:41:49,890 [INFO] Бот Mercher AI#2669 работает на сервере: Ламповый сервер (ID: 551094222825193503)
2025-02-05 17:42:00,295 [INFO] Команда 'test' вызвана пользователем Supreme Intelligence, канал: основной
2025-02-05 17:42:22,166 [INFO] Команда 'test' вызвана пользователем Supreme Intelligence, канал: ✨ламповая-флудилка✨
2025-02-05 17:44:24,863 [INFO] Команда 'restart' вызвана пользователем Supreme Intelligence, канал: основной
2025-02-05 17:44:24,864 [INFO] Команда 'restart' вызвана пользователем supremeintelligence, канал: основной
2025-02-05 17:44:30,245 [INFO] Бот Mercher AI#2669 работает на сервере: Ламповый сервер (ID: 551094222825193503)
2025-02-05 17:44:37,736 [INFO] Команда 'test' вызвана пользователем Supreme Intelligence, канал: основной
2025-02-05 17:44:50,536 [INFO] Команда 'test' вызвана пользователем Supreme Intelligence, канал: ✨ламповая-флудилка✨
2025-02-05 17:46:07,392 [INFO] Команда 'test' вызвана пользователем Supreme Intelligence, канал: ✨ламповая-флудилка✨
2025-02-05 17:47:21,166 [INFO] Команда 'restart' вызвана пользователем Supreme Intelligence, канал: основной
2025-02-05 17:47:21,166 [INFO] Команда 'restart' вызвана пользователем supremeintelligence, канал: основной
2025-02-05 17:47:26,787 [INFO] Бот Mercher AI#2669 работает на сервере: Ламповый сервер (ID: 551094222825193503)
2025-02-05 17:47:32,013 [INFO] Команда 'test' вызвана пользователем Supreme Intelligence, канал: ✨ламповая-флудилка✨
2025-02-05 17:48:07,805 [INFO] Команда 'test' вызвана пользователем Supreme Intelligence, канал: основной
2025-02-05 17:48:51,132 [INFO] Команда 'restart' вызвана пользователем Supreme Intelligence, канал: основной
2025-02-05 17:48:51,133 [INFO] Команда 'restart' вызвана пользователем supremeintelligence, канал: основной
2025-02-05 17:48:56,671 [INFO] Бот Mercher AI#2669 работает на сервере: Ламповый сервер (ID: 551094222825193503)
2025-02-05 17:48:59,231 [INFO] Команда 'test' вызвана пользователем Supreme Intelligence, канал: основной
2025-02-05 17:49:06,414 [INFO] Команда 'test' вызвана пользователем Supreme Intelligence, канал: ✨ламповая-флудилка✨
2025-02-05 17:50:13,265 [INFO] Команда 'restart' вызвана пользователем Supreme Intelligence, канал: основной
2025-02-05 17:50:13,265 [INFO] Команда 'restart' вызвана пользователем supremeintelligence, канал: основной
2025-02-05 17:50:18,762 [INFO] Бот Mercher AI#2669 работает на сервере: Ламповый сервер (ID: 551094222825193503)
2025-02-05 17:50:24,476 [INFO] Команда 'test' вызвана пользователем Supreme Intelligence, канал: основной
2025-02-05 17:50:35,749 [INFO] Команда 'test' вызвана пользователем Supreme Intelligence, канал: ✨ламповая-флудилка✨
2025-02-05 17:52:17,677 [INFO] Команда 'restart' вызвана пользователем Supreme Intelligence, канал: основной
2025-02-05 17:52:17,678 [INFO] Команда 'restart' вызвана пользователем supremeintelligence, канал: основной
2025-02-05 17:52:23,272 [INFO] Бот Mercher AI#2669 работает на сервере: Ламповый сервер (ID: 551094222825193503)
2025-02-05 17:52:40,135 [INFO] Команда 'test' вызвана пользователем Supreme Intelligence, канал: основной
2025-02-05 17:52:51,127 [INFO] Команда 'test' вызвана пользователем Supreme Intelligence, канал: ✨ламповая-флудилка✨
2025-02-05 17:54:06,807 [INFO] Команда 'test' вызвана пользователем Supreme Intelligence, канал: 🌙общалочка🌙
2025-02-05 17:56:14,316 [INFO] Команда 'restart' вызвана пользователем Supreme Intelligence, канал: основной
2025-02-05 17:56:14,317 [INFO] Команда 'restart' вызвана пользователем supremeintelligence, канал: основной
2025-02-05 17:56:20,058 [INFO] Бот Mercher AI#2669 работает на сервере: Ламповый сервер (ID: 551094222825193503)
2025-02-05 17:56:46,414 [INFO] Команда 'test' вызвана пользователем Supreme Intelligence, канал: ✨ламповая-флудилка✨
2025-02-05 17:57:55,590 [INFO] Команда 'test' вызвана пользователем Supreme Intelligence, канал: ✨ламповая-флудилка✨
2025-02-05 18:00:20,980 [INFO] Команда 'restart' вызвана пользователем Supreme Intelligence, канал: основной
2025-02-05 18:00:20,981 [INFO] Команда 'restart' вызвана пользователем supremeintelligence, канал: основной
2025-02-05 18:00:26,670 [INFO] Бот Mercher AI#2669 работает на сервере: Ламповый сервер (ID: 551094222825193503)
2025-02-05 18:00:28,610 [INFO] Команда 'test' вызвана пользователем Supreme Intelligence, канал: основной
2025-02-05 18:00:41,242 [INFO] Команда 'restart' вызвана пользователем Supreme Intelligence, канал: основной
2025-02-05 18:00:41,243 [INFO] Команда 'restart' вызвана пользователем supremeintelligence, канал: основной
2025-02-05 18:01:05,894 [INFO] Команда 'test' вызвана пользователем Supreme Intelligence, канал: основной
2025-02-05 18:01:23,771 [INFO] Команда 'restart' вызвана пользователем Supreme Intelligence, канал: основной
2025-02-05 18:01:23,771 [INFO] Команда 'restart' вызвана пользователем supremeintelligence, канал: основной
2025-02-05 18:01:31,134 [INFO] Бот Mercher AI#2669 работает на сервере: Ламповый сервер (ID: 551094222825193503)
2025-02-05 18:01:32,664 [INFO] Команда 'test' вызвана пользователем Supreme Intelligence, канал: основной
2025-02-05 18:02:26,546 [INFO] Команда 'test' вызвана пользователем Supreme Intelligence, канал: основной
2025-02-05 18:02:37,314 [INFO] Команда 'test' вызвана пользователем Supreme Intelligence, канал: основной
2025-02-05 18:03:07,023 [INFO] Команда 'test' вызвана пользователем Supreme Intelligence, канал: основной
2025-02-05 18:03:23,796 [INFO] Команда 'test' вызвана пользователем Supreme Intelligence, канал: основной
2025-02-05 18:03:33,552 [INFO] Команда 'test' вызвана пользователем Supreme Intelligence, канал: ✨ламповая-флудилка✨
2025-02-05 18:03:46,066 [INFO] Команда 'test' вызвана пользователем Supreme Intelligence, канал: 🌙общалочка🌙
2025-02-05 18:10:26,103 [INFO] Команда 'restart' вызвана пользователем Supreme Intelligence, канал: основной
2025-02-05 18:10:26,103 [INFO] Команда 'restart' вызвана пользователем supremeintelligence, канал: основной
2025-02-05 18:10:31,643 [INFO] Бот Mercher AI#2669 работает на сервере: Ламповый сервер (ID: 551094222825193503)
2025-02-05 18:10:34,128 [INFO] Команда 'test' вызвана пользователем Supreme Intelligence, канал: основной
2025-02-05 18:11:15,058 [INFO] Команда 'test' вызвана пользователем Supreme Intelligence, канал: основной
2025-02-05 20:52:56,456 [INFO] Команда 'restart' вызвана пользователем Supreme Intelligence, канал: основной
2025-02-05 20:52:56,456 [INFO] Команда 'restart' вызвана пользователем supremeintelligence, канал: основной
2025-02-05 20:53:04,274 [INFO] Бот Mercher AI#2669 работает на сервере: Ламповый сервер (ID: 551094222825193503)
2025-02-05 20:53:11,780 [INFO] Команда 'test' вызвана пользователем Supreme Intelligence, канал: основной
2025-02-05 20:53:41,752 [INFO] Команда 'restart' вызвана пользователем Supreme Intelligence, канал: основной
2025-02-05 20:53:41,753 [INFO] Команда 'restart' вызвана пользователем supremeintelligence, канал: основной
2025-02-05 20:53:47,655 [INFO] Бот Mercher AI#2669 работает на сервере: Ламповый сервер (ID: 551094222825193503)
2025-02-05 20:53:53,566 [INFO] Команда 'test' вызвана пользователем Supreme Intelligence, канал: основной
2025-02-05 20:56:26,652 [INFO] Команда 'restart' вызвана пользователем Supreme Intelligence, канал: основной
2025-02-05 20:56:26,652 [INFO] Команда 'restart' вызвана пользователем supremeintelligence, канал: основной
2025-02-05 20:56:32,914 [INFO] Бот Mercher AI#2669 работает на сервере: Ламповый сервер (ID: 551094222825193503)
2025-02-05 20:56:37,927 [INFO] Команда 'test' вызвана пользователем Supreme Intelligence, канал: основной
2025-02-05 20:56:57,698 [INFO] Команда 'test' вызвана пользователем Supreme Intelligence, канал: ✨ламповая-флудилка✨
2025-02-05 21:00:34,613 [INFO] Команда 'restart' вызвана пользователем Supreme Intelligence, канал: ✨ламповая-флудилка✨
2025-02-05 21:00:34,614 [INFO] Команда 'restart' вызвана пользователем supremeintelligence, канал: ✨ламповая-флудилка✨
2025-02-05 21:00:40,930 [INFO] Бот Mercher AI#2669 работает на сервере: Ламповый сервер (ID: 551094222825193503)
2025-02-05 21:00:54,851 [INFO] Команда 'test' вызвана пользователем Supreme Intelligence, канал: основной
2025-02-05 21:01:22,454 [INFO] Команда 'restart' вызвана пользователем Supreme Intelligence, канал: основной
2025-02-05 21:01:22,455 [INFO] Команда 'restart' вызвана пользователем supremeintelligence, канал: основной
2025-02-05 21:01:29,076 [INFO] Бот Mercher AI#2669 работает на сервере: Ламповый сервер (ID: 551094222825193503)
2025-02-05 21:01:33,690 [INFO] Команда 'test' вызвана пользователем Supreme Intelligence, канал: основной
2025-02-05 21:07:23,315 [INFO] Команда 'test' вызвана пользователем Supreme Intelligence, канал: ✨ламповая-флудилка✨
2025-02-05 21:15:13,974 [INFO] Команда 'restart' вызвана пользователем Supreme Intelligence, канал: основной
2025-02-05 21:15:13,975 [INFO] Команда 'restart' вызвана пользователем supremeintelligence, канал: основной
2025-02-05 21:16:25,149 [INFO] Команда 'restart' вызвана пользователем Supreme Intelligence, канал: основной
2025-02-05 21:16:25,150 [INFO] Команда 'restart' вызвана пользователем supremeintelligence, канал: основной
2025-02-05 21:16:33,043 [INFO] Бот Mercher AI#2669 работает на сервере: Ламповый сервер (ID: 551094222825193503)
2025-02-05 21:17:52,168 [INFO] Команда 'pidor' вызвана пользователем Supreme Intelligence, канал: основной
2025-02-05 21:19:21,079 [INFO] Команда 'ping' вызвана пользователем Supreme Intelligence, канал: основной
2025-02-05 21:20:14,856 [INFO] Команда 'ping' вызвана пользователем Supreme Intelligence, канал: основной
2025-02-05 21:27:38,226 [INFO] Команда 'restart' вызвана пользователем Supreme Intelligence, канал: основной
2025-02-05 21:27:38,227 [INFO] Команда 'restart' вызвана пользователем supremeintelligence, канал: основной
2025-02-05 21:27:45,248 [INFO] Бот Mercher AI#2669 работает на сервере: Ламповый сервер (ID: 551094222825193503)
2025-02-05 21:27:56,751 [INFO] Команда 'pidor' вызвана пользователем Supreme Intelligence, канал: основной
2025-02-05 21:28:06,867 [INFO] Игрок ENOTzRPG (269831063877058561 побеждает в игре pidor)
2025-02-05 21:31:25,943 [INFO] Команда 'restart' вызвана пользователем Supreme Intelligence, канал: основной
2025-02-05 21:31:25,943 [INFO] Команда 'restart' вызвана пользователем supremeintelligence, канал: основной
2025-02-05 21:31:33,225 [INFO] Бот Mercher AI#2669 работает на сервере: Ламповый сервер (ID: 551094222825193503)
2025-02-05 21:31:39,779 [INFO] Команда 'pidor' вызвана пользователем Supreme Intelligence, канал: основной
2025-02-05 21:31:50,759 [INFO] Игрок XYAREBASH (764448001745092628 побеждает в игре pidor)
2025-02-05 21:34:00,698 [INFO] Команда 'restart' вызвана пользователем Supreme Intelligence, канал: основной
2025-02-05 21:34:00,699 [INFO] Команда 'restart' вызвана пользователем supremeintelligence, канал: основной
2025-02-05 21:34:07,437 [INFO] Бот Mercher AI#2669 работает на сервере: Ламповый сервер (ID: 551094222825193503)
2025-02-05 21:34:15,420 [INFO] Команда 'pidor' вызвана пользователем Supreme Intelligence, канал: основной
2025-02-05 21:34:26,956 [INFO] Игрок XYAREBASH (764448001745092628 побеждает в игре pidor)
2025-02-05 21:35:20,862 [INFO] Команда 'restart' вызвана пользователем Supreme Intelligence, канал: основной
2025-02-05 21:35:20,863 [INFO] Команда 'restart' вызвана пользователем supremeintelligence, канал: основной
2025-02-05 21:35:28,032 [INFO] Бот Mercher AI#2669 работает на сервере: Ламповый сервер (ID: 551094222825193503)
2025-02-05 21:35:45,721 [INFO] Команда 'pidor' вызвана пользователем Supreme Intelligence, канал: ✨ламповая-флудилка✨
2025-02-05 21:36:03,055 [INFO] Игрок larks (258980497252679681 побеждает в игре pidor)
2025-02-05 21:37:13,285 [INFO] Команда 'pidor' вызвана пользователем Supreme Intelligence, канал: ✨ламповая-флудилка✨
2025-02-05 21:37:30,616 [INFO] Игрок Professor Sex (693152203724030013 побеждает в игре pidor)
2025-02-05 21:38:59,862 [INFO] Команда 'pidor' вызвана пользователем Saruxx, канал: ✨ламповая-флудилка✨
2025-02-05 21:39:17,218 [INFO] Игрок Saruxx (490195709719478272 побеждает в игре pidor)
2025-02-05 21:41:31,670 [INFO] Команда 'pidor' вызвана пользователем Supreme Intelligence, канал: ✨ламповая-флудилка✨
2025-02-05 21:41:51,176 [INFO] Игрок larks (258980497252679681 побеждает в игре pidor)
2025-02-05 21:41:58,370 [INFO] Команда 'pidor' вызвана пользователем Supreme Intelligence, канал: ✨ламповая-флудилка✨
2025-02-05 21:42:15,273 [INFO] Игрок ENOTzRPG (269831063877058561 побеждает в игре pidor)
2025-02-05 21:44:27,099 [INFO] Команда 'pidor' вызвана пользователем Supreme Intelligence, канал: ✨ламповая-флудилка✨
2025-02-05 21:44:48,791 [INFO] Игрок XYAREBASH (764448001745092628 побеждает в игре pidor)
2025-02-05 21:45:48,857 [INFO] Команда 'pidor' вызвана пользователем Supreme Intelligence, канал: ✨ламповая-флудилка✨
2025-02-05 21:46:06,245 [INFO] Игрок Hµ4¥KV4 (767110044482666517 побеждает в игре pidor)
2025-02-05 22:02:17,971 [INFO] Команда 'pidor' вызвана пользователем Supreme Intelligence, канал: ✨ламповая-флудилка✨
2025-02-05 22:02:35,789 [INFO] Игрок ENOTzRPG (269831063877058561 побеждает в игре pidor)
2025-02-05 22:07:17,681 [INFO] Команда 'restart' вызвана пользователем Supreme Intelligence, канал: основной
2025-02-05 22:07:17,681 [INFO] Команда 'restart' вызвана пользователем supremeintelligence, канал: основной
2025-02-05 22:18:18,660 [INFO] Команда 'restart' вызвана пользователем Supreme Intelligence, канал: основной
2025-02-05 22:18:18,660 [INFO] Команда 'restart' вызвана пользователем supremeintelligence, канал: основной
2025-02-05 22:18:26,357 [INFO] Бот Mercher AI#2669 работает на сервере: Ламповый сервер (ID: 551094222825193503)
2025-02-05 22:19:49,162 [INFO] Бот Mercher AI#2669 работает на сервере: Ламповый сервер (ID: 551094222825193503)
2025-02-05 22:20:36,754 [INFO] Команда 'restart' вызвана пользователем Supreme Intelligence, канал: основной
2025-02-05 22:20:36,754 [INFO] Команда 'restart' вызвана пользователем supremeintelligence, канал: основной
2025-02-05 22:20:43,947 [INFO] Бот Mercher AI#2669 работает на сервере: Ламповый сервер (ID: 551094222825193503)
2025-02-05 22:21:55,398 [INFO] Команда 'restart' вызвана пользователем Supreme Intelligence, канал: основной
2025-02-05 22:21:55,398 [INFO] Команда 'restart' вызвана пользователем supremeintelligence, канал: основной
2025-02-05 22:22:02,428 [INFO] Бот Mercher AI#2669 работает на сервере: Ламповый сервер (ID: 551094222825193503)
2025-02-05 22:23:22,410 [INFO] Команда 'restart' вызвана пользователем Supreme Intelligence, канал: основной
2025-02-05 22:23:22,411 [INFO] Команда 'restart' вызвана пользователем supremeintelligence, канал: основной
2025-02-05 22:23:29,059 [INFO] Бот Mercher AI#2669 работает на сервере: Ламповый сервер (ID: 551094222825193503)
2025-02-05 22:23:33,794 [INFO] Команда 'dinamo' вызвана пользователем Supreme Intelligence, канал: основной
2025-02-05 22:24:28,529 [INFO] Бот Mercher AI#2669 работает на сервере: Ламповый сервер (ID: 551094222825193503)
2025-02-05 23:04:15,381 [INFO] Команда 'pidor' вызвана пользователем Supreme Intelligence, канал: 🎧𝚖𝚞𝚜𝚒𝚌-𝚝𝚒𝚖𝚎🎧
2025-02-05 23:09:07,106 [INFO] Команда 'dinamo' вызвана пользователем Supreme Intelligence, канал: основной
2025-02-05 23:10:08,323 [INFO] Бот Mercher AI#2669 работает на сервере: Ламповый сервер (ID: 551094222825193503)
2025-02-06 00:41:41,016 [INFO] Команда 'restart' вызвана пользователем Supreme Intelligence, канал: основной
2025-02-06 00:41:41,019 [INFO] Команда 'restart' вызвана пользователем supremeintelligence, канал: основной
2025-02-06 00:41:46,557 [INFO] Бот Mercher AI#2669 работает на сервере: Ламповый сервер (ID: 551094222825193503)
2025-02-06 00:42:23,195 [INFO] Команда 'dinamo' вызвана пользователем Supreme Intelligence, канал: основной
2025-02-06 00:42:40,106 [INFO] Команда 'call-mercher' вызвана пользователем Supreme Intelligence, канал: основной
2025-02-06 00:43:05,158 [INFO] Команда 'call-mercher' вызвана пользователем Supreme Intelligence, канал: ✨ламповая-флудилка✨
2025-02-06 00:43:08,720 [INFO] Команда 'pidor' вызвана пользователем Supreme Intelligence, канал: ✨ламповая-флудилка✨
2025-02-06 00:43:25,219 [INFO] Игрок frenq (505419809421525003) побеждает в игре pidor
2025-02-06 01:27:05,363 [INFO] Бот Mercher AI#2669 работает на сервере: Ламповый сервер (ID: 551094222825193503)
2025-02-06 01:27:30,058 [INFO] Команда 'call-mercher' вызвана пользователем Supreme Intelligence, канал: ✨ламповая-флудилка✨
2025-02-06 01:30:00,095 [INFO] Команда 'pidor' вызвана пользователем Supreme Intelligence, канал: ✨ламповая-флудилка✨
2025-02-06 01:30:16,584 [INFO] Игрок Supreme Intelligence (272060741954174987) побеждает в игре pidor
2025-02-06 01:30:32,995 [INFO] Команда 'maintenance' вызвана пользователем Supreme Intelligence, канал: ✨ламповая-флудилка✨
2025-02-06 01:31:20,218 [INFO] Команда 'pidor' вызвана пользователем Supreme Intelligence, канал: ✨ламповая-флудилка✨
2025-02-06 01:31:36,823 [INFO] Игрок soulless (425344414211112965) побеждает в игре pidor
2025-02-06 01:32:54,961 [INFO] Команда 'maintenance' вызвана пользователем Supreme Intelligence, канал: ✨ламповая-флудилка✨
2025-02-06 01:40:20,189 [INFO] Команда 'test' вызвана пользователем Supreme Intelligence, канал: Direct Message with supremeintelligence
2025-02-06 01:40:24,446 [INFO] Команда 'pidor' вызвана пользователем Supreme Intelligence, канал: Direct Message with supremeintelligence
2025-02-06 01:40:44,432 [INFO] Команда 'ping' вызвана пользователем Supreme Intelligence, канал: Direct Message with supremeintelligence
2025-02-06 15:12:04,269 [INFO] Бот Mercher AI#2669 работает на сервере: Ламповый сервер (ID: 551094222825193503)
